The ``3-say_my_name`` module
============================

Using ``say_my_name``

----------------------------
Checking docstring for module:
        >>> __import__('3-say_my_name').__doc__ != None
        True

Importing method:
        >>> say_my_name = __import__('3-say_my_name').say_my_name

Check docstring for function:
        >>> len(say_my_name.__doc__) > 0
        True

>>> say_my_name("John", "Smith")
My name is John Smith

>>> say_my_name("Didier", "Revelo")
My name is Didier Revelo

>>> say_my_name("Bob")
My name is Bob 

#>>> try:
#...     say_my_name("Bob", 12)
#... except Exception as e:
#...     print(e)
#...
#last_name must be a string

>>> say_my_name(15)
Traceback (most recent call last):
    File "<stdin>", line 1, in <module>
    raise TypeError('first_name must be a string')
TypeError: first_name must be a string

>>> say_my_name(12, "Bob")
Traceback (most recent call last):
    File "<stdin>", line 1, in <module>
    raise TypeError('first_name must be a string')
TypeError: first_name must be a string

>>> say_my_name("Bob", 12)
Traceback (most recent call last):
    File "<stdin>", line 1, in <module>
    raise TypeError('last_name must be a string')
TypeError: last_name must be a string

>>> say_my_name("","")
My name is  

>>> say_my_name("Didier")
My name is Didier 
